Started GET "/" for 127.0.0.1 at 2026-08-18 19:46:10 -0300
  [1m[35m (0.2ms)[0m  [1m[35mCREATE TABLE "schema_migrations" ("version" varchar NOT NULL PRIMARY KEY) /*application='RubyNative'*/[0m
  [1m[35m (0.1ms)[0m  [1m[35mCREATE TABLE "ar_internal_metadata" ("key" varchar NOT NULL PRIMARY KEY, "value" varchar, "created_at" datetime(6) NOT NULL, "updated_at" datetime(6) NOT NULL) /*application='RubyNative'*/[0m
  [1m[36mActiveRecord::SchemaMigration Load (0.1ms)[0m  [1m[34mSELECT "schema_migrations"."version" FROM "schema_migrations" ORDER BY "schema_migrations"."version" ASC /*application='RubyNative'*/[0m
Processing by Rails::WelcomeController#index as HTML
  Rendering /Users/lucasfranco/.local/share/mise/installs/ruby/4.0.5/lib/ruby/gems/4.0.0/gems/railties-8.1.3.1/lib/rails/templates/rails/welcome/index.html.erb
  Rendered /Users/lucasfranco/.local/share/mise/installs/ruby/4.0.5/lib/ruby/gems/4.0.0/gems/railties-8.1.3.1/lib/rails/templates/rails/welcome/index.html.erb (Duration: 0.2ms | GC: 0.0ms)
Completed 200 OK in 5ms (Views: 1.5ms | ActiveRecord: 0.0ms (0 queries, 0 cached) | GC: 0.1ms)


Started GET "/" for ::1 at 2026-08-18 19:46:33 -0300
Processing by Rails::WelcomeController#index as HTML
  Rendering /Users/lucasfranco/.local/share/mise/installs/ruby/4.0.5/lib/ruby/gems/4.0.0/gems/railties-8.1.3.1/lib/rails/templates/rails/welcome/index.html.erb
  Rendered /Users/lucasfranco/.local/share/mise/installs/ruby/4.0.5/lib/ruby/gems/4.0.0/gems/railties-8.1.3.1/lib/rails/templates/rails/welcome/index.html.erb (Duration: 0.0ms | GC: 0.0ms)
Completed 200 OK in 1ms (Views: 0.3ms | ActiveRecord: 0.0ms (0 queries, 0 cached) | GC: 0.0ms)


  [1m[36mActiveRecord::InternalMetadata Load (0.2ms)[0m  [1m[34mSELECT * FROM "ar_internal_metadata" WHERE "ar_internal_metadata"."key" = 'environment' ORDER BY "ar_internal_metadata"."key" ASC LIMIT 1 /*application='RubyNative'*/[0m
  [1m[36mActiveRecord::InternalMetadata Create (0.1ms)[0m  [1m[32mINSERT INTO "ar_internal_metadata" ("key", "value", "created_at", "updated_at") VALUES ('environment', 'development', '2026-08-18 22:49:02.492305', '2026-08-18 22:49:02.492305') RETURNING "key" /*application='RubyNative'*/[0m
  [1m[36mActiveRecord::SchemaMigration Load (0.0ms)[0m  [1m[34mSELECT "schema_migrations"."version" FROM "schema_migrations" ORDER BY "schema_migrations"."version" ASC /*application='RubyNative'*/[0m
Migrating to CreatePosts (20260818224806)
  [1m[36mTRANSACTION (0.0ms)[0m  [1m[35mBEGIN immediate TRANSACTION /*application='RubyNative'*/[0m
  [1m[35m (0.3ms)[0m  [1m[35mCREATE TABLE "posts" ("id" integer PRIMARY KEY AUTOINCREMENT NOT NULL, "title" varchar, "body" text, "created_at" datetime(6) NOT NULL, "updated_at" datetime(6) NOT NULL) /*application='RubyNative'*/[0m
  [1m[36mActiveRecord::SchemaMigration Create (0.0ms)[0m  [1m[32mINSERT INTO "schema_migrations" ("version") VALUES ('20260818224806') RETURNING "version" /*application='RubyNative'*/[0m
  [1m[36mTRANSACTION (0.0ms)[0m  [1m[35mCOMMIT TRANSACTION /*application='RubyNative'*/[0m
  [1m[36mActiveRecord::SchemaMigration Load (0.0ms)[0m  [1m[34mSELECT "schema_migrations"."version" FROM "schema_migrations" ORDER BY "schema_migrations"."version" ASC /*application='RubyNative'*/[0m
  [1m[36mActiveRecord::SchemaMigration Load (0.1ms)[0m  [1m[34mSELECT "schema_migrations"."version" FROM "schema_migrations" ORDER BY "schema_migrations"."version" ASC /*application='RubyNative'*/[0m
  [1m[36mPost Load (0.0ms)[0m  [1m[34mSELECT "posts".* FROM "posts" WHERE "posts"."title" = 'Welcome to Ruby Native' LIMIT 1 /*application='RubyNative'*/[0m
  [1m[36mTRANSACTION (0.0ms)[0m  [1m[35mBEGIN immediate TRANSACTION /*application='RubyNative'*/[0m
  [1m[36mPost Create (0.0ms)[0m  [1m[32mINSERT INTO "posts" ("title", "body", "created_at", "updated_at") VALUES ('Welcome to Ruby Native', 'This demo app shows a Rails app turned native with the ruby_native gem.', '2026-08-18 22:49:06.358241', '2026-08-18 22:49:06.358241') RETURNING "id" /*application='RubyNative'*/[0m
  [1m[36mTRANSACTION (0.1ms)[0m  [1m[35mCOMMIT TRANSACTION /*application='RubyNative'*/[0m
  [1m[36mPost Load (0.0ms)[0m  [1m[34mSELECT "posts".* FROM "posts" WHERE "posts"."title" = 'Native tabs, no Swift or Kotlin' LIMIT 1 /*application='RubyNative'*/[0m
  [1m[36mTRANSACTION (0.0ms)[0m  [1m[35mBEGIN immediate TRANSACTION /*application='RubyNative'*/[0m
  [1m[36mPost Create (0.4ms)[0m  [1m[32mINSERT INTO "posts" ("title", "body", "created_at", "updated_at") VALUES ('Native tabs, no Swift or Kotlin', 'The gem wraps this Rails app with a native tab bar using Hotwire Native.', '2026-08-18 22:49:06.359449', '2026-08-18 22:49:06.359449') RETURNING "id" /*application='RubyNative'*/[0m
  [1m[36mTRANSACTION (0.0ms)[0m  [1m[35mCOMMIT TRANSACTION /*application='RubyNative'*/[0m
  [1m[36mPost Load (0.0ms)[0m  [1m[34mSELECT "posts".* FROM "posts" WHERE "posts"."title" = 'Posts are just a demo' LIMIT 1 /*application='RubyNative'*/[0m
  [1m[36mTRANSACTION (0.0ms)[0m  [1m[35mBEGIN immediate TRANSACTION /*application='RubyNative'*/[0m
  [1m[36mPost Create (0.3ms)[0m  [1m[32mINSERT INTO "posts" ("title", "body", "created_at", "updated_at") VALUES ('Posts are just a demo', 'This simple posts form exists to show data flowing through a real DB.', '2026-08-18 22:49:06.360669', '2026-08-18 22:49:06.360669') RETURNING "id" /*application='RubyNative'*/[0m
  [1m[36mTRANSACTION (0.0ms)[0m  [1m[35mCOMMIT TRANSACTION /*application='RubyNative'*/[0m
Started GET "/" for ::1 at 2026-08-18 19:49:15 -0300
  [1m[36mActiveRecord::SchemaMigration Load (0.0ms)[0m  [1m[34mSELECT "schema_migrations"."version" FROM "schema_migrations" ORDER BY "schema_migrations"."version" ASC /*application='RubyNative'*/[0m
Processing by PostsController#index as */*
  Rendering layout layouts/application.html.erb
  Rendering posts/index.html.erb within layouts/application
  [1m[36mPost Load (0.1ms)[0m  [1m[34mSELECT "posts".* FROM "posts" ORDER BY "posts"."created_at" DESC /*action='index',application='RubyNative',controller='posts'*/[0m
  ↳ app/views/posts/index.html.erb:25
  Rendered posts/index.html.erb within layouts/application (Duration: 3.1ms | GC: 0.0ms)
  Rendered layout layouts/application.html.erb (Duration: 3.8ms | GC: 0.0ms)
Completed 200 OK in 18ms (Views: 5.1ms | ActiveRecord: 0.6ms (1 query, 0 cached) | GC: 0.0ms)


Started GET "/profile" for ::1 at 2026-08-18 19:49:15 -0300
Processing by PagesController#profile as */*
  Rendering layout layouts/application.html.erb
  Rendering pages/profile.html.erb within layouts/application
  Rendered pages/profile.html.erb within layouts/application (Duration: 0.1ms | GC: 0.0ms)
  Rendered layout layouts/application.html.erb (Duration: 0.3ms | GC: 0.0ms)
Completed 200 OK in 1ms (Views: 0.4ms | ActiveRecord: 0.0ms (0 queries, 0 cached) | GC: 0.0ms)


Started GET "/settings" for ::1 at 2026-08-18 19:49:15 -0300
Processing by PagesController#settings as */*
  Rendering layout layouts/application.html.erb
  Rendering pages/settings.html.erb within layouts/application
  Rendered pages/settings.html.erb within layouts/application (Duration: 0.1ms | GC: 0.0ms)
  Rendered layout layouts/application.html.erb (Duration: 0.2ms | GC: 0.0ms)
Completed 200 OK in 1ms (Views: 0.3ms | ActiveRecord: 0.0ms (0 queries, 0 cached) | GC: 0.0ms)


Started GET "/" for ::1 at 2026-08-18 19:49:15 -0300
Processing by PostsController#index as */*
  Rendering layout layouts/application.html.erb
  Rendering posts/index.html.erb within layouts/application
  [1m[36mPost Load (0.1ms)[0m  [1m[34mSELECT "posts".* FROM "posts" ORDER BY "posts"."created_at" DESC /*action='index',application='RubyNative',controller='posts'*/[0m
  ↳ app/views/posts/index.html.erb:25
  Rendered posts/index.html.erb within layouts/application (Duration: 0.7ms | GC: 0.0ms)
  Rendered layout layouts/application.html.erb (Duration: 0.8ms | GC: 0.0ms)
Completed 200 OK in 1ms (Views: 0.9ms | ActiveRecord: 0.1ms (1 query, 0 cached) | GC: 0.0ms)


Started GET "/" for ::1 at 2026-08-18 19:50:27 -0300
  [1m[36mActiveRecord::SchemaMigration Load (0.4ms)[0m  [1m[34mSELECT "schema_migrations"."version" FROM "schema_migrations" ORDER BY "schema_migrations"."version" ASC /*application='RubyNative'*/[0m
Processing by PostsController#index as HTML
  Rendering layout layouts/application.html.erb
  Rendering posts/index.html.erb within layouts/application
  [1m[36mPost Load (0.3ms)[0m  [1m[34mSELECT "posts".* FROM "posts" ORDER BY "posts"."created_at" DESC /*action='index',application='RubyNative',controller='posts'*/[0m
  ↳ app/views/posts/index.html.erb:25
  Rendered posts/index.html.erb within layouts/application (Duration: 4.5ms | GC: 0.0ms)
  Rendered layout layouts/application.html.erb (Duration: 6.6ms | GC: 0.0ms)
Completed 500 Internal Server Error in 27ms (ActiveRecord: 1.4ms (1 query, 0 cached) | GC: 0.0ms)


  
ActionView::Template::Error (The asset 'tailwind.css' was not found in the load path.)
Caused by: Propshaft::MissingAssetError (The asset 'tailwind.css' was not found in the load path.)

Information for: ActionView::Template::Error (The asset 'tailwind.css' was not found in the load path.):
    21:     <%# Includes all stylesheet files in app/assets/stylesheets %>
    22:     <%= stylesheet_link_tag :app %>
    23:     <%= stylesheet_link_tag "tailwind" %>
    24:   </head>
    25: 
    26:   <body class="bg-slate-50 text-slate-900">
    27:     <nav class="bg-white border-b border-slate-200">
  
app/views/layouts/application.html.erb:24

Information for cause: Propshaft::MissingAssetError (The asset 'tailwind.css' was not found in the load path.):
  
app/views/layouts/application.html.erb:24
Started GET "/favicon.ico" for ::1 at 2026-08-18 19:50:27 -0300
  
ActionController::RoutingError (No route matches [GET] "/favicon.ico"):
  
Started GET "/" for ::1 at 2026-08-18 19:50:30 -0300
Processing by PostsController#index as HTML
  Rendering layout layouts/application.html.erb
  Rendering posts/index.html.erb within layouts/application
  [1m[36mPost Load (0.2ms)[0m  [1m[34mSELECT "posts".* FROM "posts" ORDER BY "posts"."created_at" DESC /*action='index',application='RubyNative',controller='posts'*/[0m
  ↳ app/views/posts/index.html.erb:25
  Rendered posts/index.html.erb within layouts/application (Duration: 3.0ms | GC: 0.1ms)
  Rendered layout layouts/application.html.erb (Duration: 4.1ms | GC: 0.3ms)
Completed 500 Internal Server Error in 6ms (ActiveRecord: 0.2ms (1 query, 0 cached) | GC: 0.3ms)


  
ActionView::Template::Error (The asset 'tailwind.css' was not found in the load path.)
Caused by: Propshaft::MissingAssetError (The asset 'tailwind.css' was not found in the load path.)

Information for: ActionView::Template::Error (The asset 'tailwind.css' was not found in the load path.):
    21:     <%# Includes all stylesheet files in app/assets/stylesheets %>
    22:     <%= stylesheet_link_tag :app %>
    23:     <%= stylesheet_link_tag "tailwind" %>
    24:   </head>
    25: 
    26:   <body class="bg-slate-50 text-slate-900">
    27:     <nav class="bg-white border-b border-slate-200">
  
app/views/layouts/application.html.erb:24

Information for cause: Propshaft::MissingAssetError (The asset 'tailwind.css' was not found in the load path.):
  
app/views/layouts/application.html.erb:24
Started GET "/" for ::1 at 2026-08-18 19:50:42 -0300
  [1m[36mActiveRecord::SchemaMigration Load (0.1ms)[0m  [1m[34mSELECT "schema_migrations"."version" FROM "schema_migrations" ORDER BY "schema_migrations"."version" ASC /*application='RubyNative'*/[0m
Processing by PostsController#index as HTML
  Rendering layout layouts/application.html.erb
  Rendering posts/index.html.erb within layouts/application
  [1m[36mPost Load (0.1ms)[0m  [1m[34mSELECT "posts".* FROM "posts" ORDER BY "posts"."created_at" DESC /*action='index',application='RubyNative',controller='posts'*/[0m
  ↳ app/views/posts/index.html.erb:25
  Rendered posts/index.html.erb within layouts/application (Duration: 3.4ms | GC: 0.0ms)
  Rendered layout layouts/application.html.erb (Duration: 4.1ms | GC: 0.0ms)
Completed 200 OK in 21ms (Views: 5.8ms | ActiveRecord: 0.7ms (1 query, 0 cached) | GC: 0.0ms)


Started GET "/profile" for ::1 at 2026-08-18 19:50:45 -0300
Processing by PagesController#profile as HTML
  Rendering layout layouts/application.html.erb
  Rendering pages/profile.html.erb within layouts/application
  Rendered pages/profile.html.erb within layouts/application (Duration: 0.2ms | GC: 0.0ms)
  Rendered layout layouts/application.html.erb (Duration: 2.0ms | GC: 0.0ms)
Completed 200 OK in 3ms (Views: 2.4ms | ActiveRecord: 0.0ms (0 queries, 0 cached) | GC: 0.0ms)


Started GET "/settings" for ::1 at 2026-08-18 19:50:45 -0300
Processing by PagesController#settings as HTML
  Rendering layout layouts/application.html.erb
  Rendering pages/settings.html.erb within layouts/application
  Rendered pages/settings.html.erb within layouts/application (Duration: 0.3ms | GC: 0.0ms)
  Rendered layout layouts/application.html.erb (Duration: 1.1ms | GC: 0.0ms)
Completed 200 OK in 2ms (Views: 1.4ms | ActiveRecord: 0.0ms (0 queries, 0 cached) | GC: 0.0ms)


Started GET "/" for ::1 at 2026-08-18 19:50:46 -0300
Processing by PostsController#index as HTML
  Rendering layout layouts/application.html.erb
  Rendering posts/index.html.erb within layouts/application
  [1m[36mPost Load (0.1ms)[0m  [1m[34mSELECT "posts".* FROM "posts" ORDER BY "posts"."created_at" DESC /*action='index',application='RubyNative',controller='posts'*/[0m
  ↳ app/views/posts/index.html.erb:25
  Rendered posts/index.html.erb within layouts/application (Duration: 2.4ms | GC: 0.0ms)
  Rendered layout layouts/application.html.erb (Duration: 2.9ms | GC: 0.0ms)
Completed 200 OK in 4ms (Views: 3.1ms | ActiveRecord: 0.1ms (1 query, 0 cached) | GC: 0.0ms)


Started GET "/profile" for ::1 at 2026-08-18 19:50:47 -0300
Processing by PagesController#profile as HTML
  Rendering layout layouts/application.html.erb
  Rendering pages/profile.html.erb within layouts/application
  Rendered pages/profile.html.erb within layouts/application (Duration: 0.0ms | GC: 0.0ms)
  Rendered layout layouts/application.html.erb (Duration: 0.9ms | GC: 0.0ms)
Completed 200 OK in 2ms (Views: 1.2ms | ActiveRecord: 0.0ms (0 queries, 0 cached) | GC: 0.0ms)


Started GET "/settings" for ::1 at 2026-08-18 19:50:47 -0300
Processing by PagesController#settings as HTML
  Rendering layout layouts/application.html.erb
  Rendering pages/settings.html.erb within layouts/application
  Rendered pages/settings.html.erb within layouts/application (Duration: 0.0ms | GC: 0.0ms)
  Rendered layout layouts/application.html.erb (Duration: 0.9ms | GC: 0.0ms)
Completed 200 OK in 2ms (Views: 1.2ms | ActiveRecord: 0.0ms (0 queries, 0 cached) | GC: 0.0ms)


Started GET "/" for ::1 at 2026-08-18 19:50:48 -0300
Processing by PostsController#index as HTML
  Rendering layout layouts/application.html.erb
  Rendering posts/index.html.erb within layouts/application
  [1m[36mPost Load (0.2ms)[0m  [1m[34mSELECT "posts".* FROM "posts" ORDER BY "posts"."created_at" DESC /*action='index',application='RubyNative',controller='posts'*/[0m
  ↳ app/views/posts/index.html.erb:25
  Rendered posts/index.html.erb within layouts/application (Duration: 3.0ms | GC: 0.0ms)
  Rendered layout layouts/application.html.erb (Duration: 3.4ms | GC: 0.0ms)
Completed 200 OK in 5ms (Views: 3.6ms | ActiveRecord: 0.2ms (1 query, 0 cached) | GC: 0.0ms)


Started GET "/profile" for ::1 at 2026-08-18 19:50:49 -0300
Processing by PagesController#profile as HTML
  Rendering layout layouts/application.html.erb
  Rendering pages/profile.html.erb within layouts/application
  Rendered pages/profile.html.erb within layouts/application (Duration: 0.1ms | GC: 0.0ms)
  Rendered layout layouts/application.html.erb (Duration: 1.0ms | GC: 0.0ms)
Completed 200 OK in 2ms (Views: 1.4ms | ActiveRecord: 0.0ms (0 queries, 0 cached) | GC: 0.0ms)


Started GET "/settings" for ::1 at 2026-08-18 19:50:49 -0300
Processing by PagesController#settings as HTML
  Rendering layout layouts/application.html.erb
  Rendering pages/settings.html.erb within layouts/application
  Rendered pages/settings.html.erb within layouts/application (Duration: 0.0ms | GC: 0.0ms)
  Rendered layout layouts/application.html.erb (Duration: 0.9ms | GC: 0.0ms)
Completed 200 OK in 2ms (Views: 1.3ms | ActiveRecord: 0.0ms (0 queries, 0 cached) | GC: 0.0ms)


Started GET "/" for ::1 at 2026-08-18 19:50:50 -0300
Processing by PostsController#index as HTML
  Rendering layout layouts/application.html.erb
  Rendering posts/index.html.erb within layouts/application
  [1m[36mPost Load (0.2ms)[0m  [1m[34mSELECT "posts".* FROM "posts" ORDER BY "posts"."created_at" DESC /*action='index',application='RubyNative',controller='posts'*/[0m
  ↳ app/views/posts/index.html.erb:25
  Rendered posts/index.html.erb within layouts/application (Duration: 2.4ms | GC: 0.0ms)
  Rendered layout layouts/application.html.erb (Duration: 2.9ms | GC: 0.0ms)
Completed 200 OK in 4ms (Views: 3.1ms | ActiveRecord: 0.2ms (1 query, 0 cached) | GC: 0.0ms)


Started GET "/profile" for ::1 at 2026-08-18 19:51:04 -0300
Processing by PagesController#profile as HTML
  Rendering layout layouts/application.html.erb
  Rendering pages/profile.html.erb within layouts/application
  Rendered pages/profile.html.erb within layouts/application (Duration: 0.1ms | GC: 0.0ms)
  Rendered layout layouts/application.html.erb (Duration: 1.0ms | GC: 0.0ms)
Completed 200 OK in 2ms (Views: 1.4ms | ActiveRecord: 0.0ms (0 queries, 0 cached) | GC: 0.0ms)


Started GET "/settings" for ::1 at 2026-08-18 19:51:05 -0300
Processing by PagesController#settings as HTML
  Rendering layout layouts/application.html.erb
  Rendering pages/settings.html.erb within layouts/application
  Rendered pages/settings.html.erb within layouts/application (Duration: 0.1ms | GC: 0.0ms)
  Rendered layout layouts/application.html.erb (Duration: 0.9ms | GC: 0.0ms)
Completed 200 OK in 2ms (Views: 1.3ms | ActiveRecord: 0.0ms (0 queries, 0 cached) | GC: 0.0ms)


Started GET "/" for ::1 at 2026-08-18 19:51:05 -0300
Processing by PostsController#index as HTML
  Rendering layout layouts/application.html.erb
  Rendering posts/index.html.erb within layouts/application
  [1m[36mPost Load (0.2ms)[0m  [1m[34mSELECT "posts".* FROM "posts" ORDER BY "posts"."created_at" DESC /*action='index',application='RubyNative',controller='posts'*/[0m
  ↳ app/views/posts/index.html.erb:25
  Rendered posts/index.html.erb within layouts/application (Duration: 3.1ms | GC: 0.0ms)
  Rendered layout layouts/application.html.erb (Duration: 3.8ms | GC: 0.0ms)
Completed 200 OK in 5ms (Views: 4.0ms | ActiveRecord: 0.2ms (1 query, 0 cached) | GC: 0.0ms)


Started GET "/" for ::1 at 2026-08-18 20:26:45 -0300
  [1m[36mActiveRecord::SchemaMigration Load (0.1ms)[0m  [1m[34mSELECT "schema_migrations"."version" FROM "schema_migrations" ORDER BY "schema_migrations"."version" ASC /*application='RubyNative'*/[0m
Processing by PostsController#index as HTML
Completed 500 Internal Server Error in 7ms (ActiveRecord: 0.0ms (0 queries, 0 cached) | GC: 0.0ms)


  
NameError (undefined local variable or method 'w' for main):
  
app/models/post.rb:5:in '<top (required)>'
app/controllers/posts_controller.rb:3:in 'PostsController#index'
Started GET "/" for ::1 at 2026-08-18 20:27:03 -0300
Processing by PostsController#index as HTML
  Rendering layout layouts/application.html.erb
  Rendering posts/index.html.erb within layouts/application
  [1m[36mPost Load (0.3ms)[0m  [1m[34mSELECT "posts".* FROM "posts" ORDER BY "posts"."created_at" DESC /*action='index',application='RubyNative',controller='posts'*/[0m
  ↳ app/views/posts/index.html.erb:25
  Rendered posts/index.html.erb within layouts/application (Duration: 6.3ms | GC: 0.2ms)
  Rendered layout layouts/application.html.erb (Duration: 7.6ms | GC: 0.2ms)
Completed 200 OK in 21ms (Views: 8.1ms | ActiveRecord: 2.0ms (1 query, 0 cached) | GC: 0.6ms)


Started GET "/profile" for ::1 at 2026-08-18 20:27:07 -0300
Processing by PagesController#profile as HTML
  Rendering layout layouts/application.html.erb
  Rendering pages/profile.html.erb within layouts/application
  Rendered pages/profile.html.erb within layouts/application (Duration: 0.3ms | GC: 0.0ms)
  Rendered layout layouts/application.html.erb (Duration: 1.3ms | GC: 0.0ms)
Completed 200 OK in 3ms (Views: 1.9ms | ActiveRecord: 0.0ms (0 queries, 0 cached) | GC: 0.0ms)


Started GET "/settings" for ::1 at 2026-08-18 20:27:08 -0300
Processing by PagesController#settings as HTML
  Rendering layout layouts/application.html.erb
  Rendering pages/settings.html.erb within layouts/application
  Rendered pages/settings.html.erb within layouts/application (Duration: 0.3ms | GC: 0.0ms)
  Rendered layout layouts/application.html.erb (Duration: 1.1ms | GC: 0.0ms)
Completed 200 OK in 2ms (Views: 1.5ms | ActiveRecord: 0.0ms (0 queries, 0 cached) | GC: 0.0ms)


Started GET "/profile" for ::1 at 2026-08-18 20:27:09 -0300
Processing by PagesController#profile as HTML
  Rendering layout layouts/application.html.erb
  Rendering pages/profile.html.erb within layouts/application
  Rendered pages/profile.html.erb within layouts/application (Duration: 0.2ms | GC: 0.1ms)
  Rendered layout layouts/application.html.erb (Duration: 1.0ms | GC: 0.1ms)
Completed 200 OK in 2ms (Views: 1.4ms | ActiveRecord: 0.0ms (0 queries, 0 cached) | GC: 0.1ms)


Started GET "/settings" for ::1 at 2026-08-18 20:27:10 -0300
Processing by PagesController#settings as HTML
  Rendering layout layouts/application.html.erb
  Rendering pages/settings.html.erb within layouts/application
  Rendered pages/settings.html.erb within layouts/application (Duration: 0.1ms | GC: 0.0ms)
  Rendered layout layouts/application.html.erb (Duration: 0.9ms | GC: 0.0ms)
Completed 200 OK in 2ms (Views: 1.3ms | ActiveRecord: 0.0ms (0 queries, 0 cached) | GC: 0.0ms)


Started GET "/profile" for ::1 at 2026-08-18 20:27:10 -0300
Processing by PagesController#profile as HTML
  Rendering layout layouts/application.html.erb
  Rendering pages/profile.html.erb within layouts/application
  Rendered pages/profile.html.erb within layouts/application (Duration: 0.1ms | GC: 0.0ms)
  Rendered layout layouts/application.html.erb (Duration: 1.1ms | GC: 0.0ms)
Completed 200 OK in 2ms (Views: 1.5ms | ActiveRecord: 0.0ms (0 queries, 0 cached) | GC: 0.0ms)


Started GET "/" for ::1 at 2026-08-18 20:27:11 -0300
Processing by PostsController#index as HTML
  Rendering layout layouts/application.html.erb
  Rendering posts/index.html.erb within layouts/application
  [1m[36mPost Load (0.2ms)[0m  [1m[34mSELECT "posts".* FROM "posts" ORDER BY "posts"."created_at" DESC /*action='index',application='RubyNative',controller='posts'*/[0m
  ↳ app/views/posts/index.html.erb:25
  Rendered posts/index.html.erb within layouts/application (Duration: 2.7ms | GC: 0.0ms)
  Rendered layout layouts/application.html.erb (Duration: 3.2ms | GC: 0.0ms)
Completed 200 OK in 4ms (Views: 3.3ms | ActiveRecord: 0.2ms (1 query, 0 cached) | GC: 0.1ms)


Started GET "/profile" for ::1 at 2026-08-18 20:27:12 -0300
Processing by PagesController#profile as HTML
  Rendering layout layouts/application.html.erb
  Rendering pages/profile.html.erb within layouts/application
  Rendered pages/profile.html.erb within layouts/application (Duration: 0.1ms | GC: 0.0ms)
  Rendered layout layouts/application.html.erb (Duration: 1.1ms | GC: 0.0ms)
Completed 200 OK in 2ms (Views: 1.6ms | ActiveRecord: 0.0ms (0 queries, 0 cached) | GC: 0.0ms)


Started GET "/" for 127.0.0.1 at 2026-08-27 21:49:36 -0300
  [1m[36mActiveRecord::SchemaMigration Load (0.1ms)[0m  [1m[34mSELECT "schema_migrations"."version" FROM "schema_migrations" ORDER BY "schema_migrations"."version" ASC /*application='RubyNative'*/[0m
Processing by PostsController#index as HTML
  Rendering layout layouts/application.html.erb
  Rendering posts/index.html.erb within layouts/application
  [1m[36mPost Load (0.2ms)[0m  [1m[34mSELECT "posts".* FROM "posts" ORDER BY "posts"."created_at" DESC /*action='index',application='RubyNative',controller='posts'*/[0m
  ↳ app/views/posts/index.html.erb:25
  Rendered posts/index.html.erb within layouts/application (Duration: 4.0ms | GC: 0.0ms)
  Rendered layout layouts/application.html.erb (Duration: 4.8ms | GC: 0.0ms)
Completed 200 OK in 23ms (Views: 6.1ms | ActiveRecord: 0.8ms (1 query, 0 cached) | GC: 0.0ms)


Started GET "/" for 127.0.0.1 at 2026-08-27 21:49:40 -0300
Processing by PostsController#index as HTML
  Rendering layout layouts/application.html.erb
  Rendering posts/index.html.erb within layouts/application
  [1m[36mPost Load (0.2ms)[0m  [1m[34mSELECT "posts".* FROM "posts" ORDER BY "posts"."created_at" DESC /*action='index',application='RubyNative',controller='posts'*/[0m
  ↳ app/views/posts/index.html.erb:25
  Rendered posts/index.html.erb within layouts/application (Duration: 4.1ms | GC: 0.0ms)
  Rendered layout layouts/application.html.erb (Duration: 4.5ms | GC: 0.0ms)
Completed 200 OK in 6ms (Views: 4.7ms | ActiveRecord: 0.2ms (1 query, 0 cached) | GC: 0.0ms)


Started GET "/profile" for 127.0.0.1 at 2026-08-27 21:49:41 -0300
Processing by PagesController#profile as HTML
  Rendering layout layouts/application.html.erb
  Rendering pages/profile.html.erb within layouts/application
  Rendered pages/profile.html.erb within layouts/application (Duration: 0.3ms | GC: 0.0ms)
  Rendered layout layouts/application.html.erb (Duration: 1.6ms | GC: 0.0ms)
Completed 200 OK in 3ms (Views: 2.2ms | ActiveRecord: 0.0ms (0 queries, 0 cached) | GC: 0.0ms)


Started GET "/settings" for 127.0.0.1 at 2026-08-27 21:49:42 -0300
Processing by PagesController#settings as HTML
  Rendering layout layouts/application.html.erb
  Rendering pages/settings.html.erb within layouts/application
  Rendered pages/settings.html.erb within layouts/application (Duration: 0.3ms | GC: 0.0ms)
  Rendered layout layouts/application.html.erb (Duration: 1.2ms | GC: 0.0ms)
Completed 200 OK in 2ms (Views: 1.5ms | ActiveRecord: 0.0ms (0 queries, 0 cached) | GC: 0.0ms)


Started GET "/" for 127.0.0.1 at 2026-08-27 21:49:43 -0300
Processing by PostsController#index as HTML
  Rendering layout layouts/application.html.erb
  Rendering posts/index.html.erb within layouts/application
  [1m[36mPost Load (0.2ms)[0m  [1m[34mSELECT "posts".* FROM "posts" ORDER BY "posts"."created_at" DESC /*action='index',application='RubyNative',controller='posts'*/[0m
  ↳ app/views/posts/index.html.erb:25
  Rendered posts/index.html.erb within layouts/application (Duration: 2.5ms | GC: 0.0ms)
  Rendered layout layouts/application.html.erb (Duration: 3.0ms | GC: 0.0ms)
Completed 200 OK in 4ms (Views: 3.2ms | ActiveRecord: 0.2ms (1 query, 0 cached) | GC: 0.0ms)


